EN division NULL C:/Users/Admin/Desktop/A09/divider.vhd sub00/vhpl10 1716217111
EN adder_sub NULL C:/Users/Admin/Desktop/A09/adder_sub.vhd sub00/vhpl06 1716217107
AR adder4bit behavioral C:/Users/Admin/Desktop/A09/Adder4bit.vhd sub00/vhpl13 1716217100
EN and8bit NULL C:/Users/Admin/Desktop/A09/and8bit.vhd sub00/vhpl00 1716217101
EN xor123 NULL C:/Users/Admin/Desktop/A09/xor123.vhd sub00/vhpl08 1716217105
AR adder_sub rtl C:/Users/Admin/Desktop/A09/adder_sub.vhd sub00/vhpl07 1716217108
AR and8bit behavioral C:/Users/Admin/Desktop/A09/and8bit.vhd sub00/vhpl01 1716217102
EN multiplier NULL C:/Users/Admin/Desktop/A09/multiplier.vhd sub00/vhpl14 1716217109
AR division behavioral C:/Users/Admin/Desktop/A09/divider.vhd sub00/vhpl11 1716217112
EN alu_top NULL C:/Users/Admin/Desktop/A09/alu_top.vhd sub00/vhpl16 1716217115
AR multiplier behavioral C:/Users/Admin/Desktop/A09/multiplier.vhd sub00/vhpl15 1716217110
EN or8bit NULL C:/Users/Admin/Desktop/A09/out8bit.vhd sub00/vhpl04 1716217103
AR xor123 behavioral C:/Users/Admin/Desktop/A09/xor123.vhd sub00/vhpl09 1716217106
AR alu behavioral C:/Users/Admin/Desktop/A09/alu.vhd sub00/vhpl03 1716217114
AR or8bit behavioral C:/Users/Admin/Desktop/A09/out8bit.vhd sub00/vhpl05 1716217104
AR alu_top behavioral C:/Users/Admin/Desktop/A09/alu_top.vhd sub00/vhpl17 1716217116
EN adder4bit NULL C:/Users/Admin/Desktop/A09/Adder4bit.vhd sub00/vhpl12 1716217099
EN alu NULL C:/Users/Admin/Desktop/A09/alu.vhd sub00/vhpl02 1716217113
